Initially Process with Git Push

Raised Issue, that is 
Warning: Permanently added 'github.com' (ED25519) to the list of known hosts.
git@github.com: Permission denied (publickey).
fatal: Could not read from remote repository.

 ls ~/.ssh

Then generated key -  ssh-keygen -t ed25519 -C "periyapatnakaran@gmail.com"

After Keep entering 
Your identification has been saved in C:\Users\karan/.ssh/id_ed25519
Your public key has been saved in C:\Users\karan/.ssh/id_ed25519.pub


SHA256:lTHPyT5I2Hk47oB5IqrnX891t+k6uPqsXMg35l1uMz8 periyapatnakaran@gmail.com

PS D:\Karan\Personal_Work\Website_Business\Websites_Templates\Test\CDCI> cat ~/.ssh/id_ed25519.pub
ssh-ed25519 AAAAC3NzaC1lZDI1NTE5AAAAIKC0lG60U+GWz4AJU0xJh5J7jHq/ro/BkdIuU5DmOboz periyapatnakaran@gmail.com


To Test

PS D:\Karan\Personal_Work\Website_Business\Websites_Templates\Test\CDCI> ssh -T git@github.com
git@github.com: Permission denied (publickey).


Then Delete old repo and Create new Repo and changed the remote origin and push using https

PS D:\Karan\Personal_Work\Website_Business\Websites_Templates\Test\CDCI> git remote -v
origin  git@github.com:Karanperiyapatna/myciapp.git (fetch)
origin  git@github.com:Karanperiyapatna/myciapp.git (push)
PS D:\Karan\Personal_Work\Website_Business\Websites_Templates\Test\CDCI> git remote set-url origin https://github.com/Karanperiyapatna/myciapp.git
PS D:\Karan\Personal_Work\Website_Business\Websites_Templates\Test\CDCI> git remote -v
origin  https://github.com/Karanperiyapatna/myciapp.git (fetch)
origin  https://github.com/Karanperiyapatna/myciapp.git (push)

git branch -M main
git push -u origin main

Finally Moved 

Enumerating objects: 3, done.
Counting objects: 100% (3/3), done.
Delta compression using up to 12 threads
Compressing objects: 100% (2/2), done.
Writing objects: 100% (3/3), 298 bytes | 149.00 KiB/s, done.
Total 3 (delta 0), reused 0 (delta 0), pack-reused 0 (from 0)
To https://github.com/Karanperiyapatna/myciapp.git
 * [new branch]      main -> main
branch 'main' set up to track 'origin/main'.



